../Core/Src/main.c:89:13:changeSpeakerFrequency	120	static
../Core/Src/main.c:165:6:isPasswordMatched	24	static
../Core/Src/main.c:180:5:main	16	static
../Core/Src/main.c:295:6:ErrorSound	16	static
../Core/Src/main.c:321:6:SuccessSound	16	static
../Core/Src/main.c:347:6:configurePassword	16	static
../Core/Src/main.c:379:6:SystemClock_Config	184	static
../Core/Src/main.c:440:13:MX_TIM1_Init	112	static
../Core/Src/main.c:515:13:MX_USART2_UART_Init	8	static
../Core/Src/main.c:548:13:MX_GPIO_Init	40	static
../Core/Src/main.c:576:6:Error_Handler	4	static
