../Core/Src/main.c:127:13:changeSpeakerFrequency	120	static
../Core/Src/main.c:210:6:ErrorSound	16	static
../Core/Src/main.c:236:6:SuccessSound	16	static
../Core/Src/main.c:265:6:waitForPBRelease	16	static
../Core/Src/main.c:284:6:startUpOLEDSplashScreen	32	static
../Core/Src/main.c:302:6:pulsePWM	16	static
../Core/Src/main.c:324:6:pushButtonInit	8	static
../Core/Src/main.c:340:6:displayWelcome	48	static
../Core/Src/main.c:356:13:controlLEDSpeaker	16	static
../Core/Src/main.c:398:13:controlOLED	56	static
../Core/Src/main.c:469:6:displayAmount	56	static
../Core/Src/main.c:486:7:checkIfAmountRecd	16	static
../Core/Src/main.c:512:14:checkOkOrCancel	8	static
../Core/Src/main.c:535:14:checkSavingsOrChequing	8	static
../Core/Src/main.c:561:6:displayEnterPin	16	static
../Core/Src/main.c:577:6:displayTransactionSuccessFull	56	static
../Core/Src/main.c:644:6:displaySavingsChequing	16	static
../Core/Src/main.c:659:6:displayRaminingBalance	16	static
../Core/Src/main.c:676:6:validatePin	24	static
../Core/Src/main.c:698:20:WaitforResponse	8	static
../Core/Src/main.c:722:6:displayOkCancel	32	static
../Core/Src/main.c:735:5:main	8	static
../Core/Src/main.c:945:6:SystemClock_Config	96	static
../Core/Src/main.c:1006:13:MX_ADC1_Init	32	static
../Core/Src/main.c:1064:13:MX_SPI1_Init	8	static
../Core/Src/main.c:1104:13:MX_TIM1_Init	96	static
../Core/Src/main.c:1174:13:MX_TIM16_Init	8	static
../Core/Src/main.c:1206:13:MX_USART2_UART_Init	8	static
../Core/Src/main.c:1241:13:MX_GPIO_Init	40	static
../Core/Src/main.c:1298:6:Error_Handler	4	static
