../Core/Src/main.c:86:6:startUpOLEDSplashScreen	32	static
../Core/Src/main.c:102:6:getName	40	static
../Core/Src/main.c:126:6:getHeight	40	static
../Core/Src/main.c:151:6:getWeight	40	static
../Core/Src/main.c:176:6:calculateAndDisplayBMI	88	static
../Core/Src/main.c:195:5:main	48	static
../Core/Src/main.c:298:6:SystemClock_Config	96	static
../Core/Src/main.c:360:13:MX_SPI1_Init	8	static
../Core/Src/main.c:400:13:MX_USART2_UART_Init	8	static
../Core/Src/main.c:435:13:MX_GPIO_Init	40	static
../Core/Src/main.c:470:6:Error_Handler	4	static,ignoring_inline_asm
