../Core/Src/ssd1331.c:120:13:ssd1331_write_byte	16	static
../Core/Src/ssd1331.c:135:6:ssd1331_draw_point	16	static
../Core/Src/ssd1331.c:155:6:ssd1331_draw_line	56	static
../Core/Src/ssd1331.c:181:6:ssd1331_draw_v_line	32	static
../Core/Src/ssd1331.c:194:6:ssd1331_draw_h_line	32	static
../Core/Src/ssd1331.c:207:6:ssd1331_draw_rect	24	static
../Core/Src/ssd1331.c:219:6:ssd1331_fill_rect	32	static
../Core/Src/ssd1331.c:234:6:ssd1331_draw_circle	40	static
../Core/Src/ssd1331.c:265:6:ssd1331_display_char	32	static
../Core/Src/ssd1331.c:299:17:_pow	24	static
../Core/Src/ssd1331.c:308:6:ssd1331_display_num	40	static
../Core/Src/ssd1331.c:341:6:ssd1331_display_string	32	static
../Core/Src/ssd1331.c:363:6:ssd1331_draw_1616char	32	static
../Core/Src/ssd1331.c:385:6:ssd1331_draw_3216char	32	static
../Core/Src/ssd1331.c:407:6:ssd1331_draw_bitmap	24	static
../Core/Src/ssd1331.c:420:6:ssd1331_clear_screen	24	static
../Core/Src/ssd1331.c:432:6:ssd1331_init	8	static
../Core/Src/ssd1331.c:482:6:SSD1331Init	16	static
