../Core/Src/main.c:144:5:main	24	static
../Core/Src/main.c:280:6:SystemClock_Config	96	static
../Core/Src/main.c:341:13:MX_ADC1_Init	32	static
../Core/Src/main.c:399:13:MX_SPI1_Init	8	static
../Core/Src/main.c:439:13:MX_TIM1_Init	112	static
../Core/Src/main.c:530:13:MX_USART2_UART_Init	8	static
../Core/Src/main.c:565:13:MX_GPIO_Init	40	static
../Core/Src/main.c:611:6:setPwmDutyCycle	16	static
../Core/Src/main.c:632:14:getTempratureValue	16	static
../Core/Src/main.c:644:14:conevertToFerenhit	16	static
../Core/Src/main.c:658:13:displayTemparatureAndGlowColour	32	static
../Core/Src/main.c:729:6:Error_Handler	4	static,ignoring_inline_asm
