../Core/Src/main.c:138:5:main	24	static
../Core/Src/main.c:274:6:SystemClock_Config	96	static
../Core/Src/main.c:335:13:MX_ADC1_Init	32	static
../Core/Src/main.c:393:13:MX_SPI1_Init	8	static
../Core/Src/main.c:433:13:MX_TIM1_Init	112	static
../Core/Src/main.c:524:13:MX_USART2_UART_Init	8	static
../Core/Src/main.c:559:13:MX_GPIO_Init	40	static
../Core/Src/main.c:605:6:setPwmDutyCycle	16	static
../Core/Src/main.c:626:14:getTempratureValue	16	static
../Core/Src/main.c:638:14:conevertToFerenhit	16	static
../Core/Src/main.c:652:13:displayTemparatureAndGlowColour	32	static
../Core/Src/main.c:732:6:Error_Handler	4	static,ignoring_inline_asm
