../Core/Src/main.c:83:6:isPasswordMatched	24	static
../Core/Src/main.c:101:13:changeSpeakerFrequency	120	static
../Core/Src/main.c:184:6:ErrorSound	16	static
../Core/Src/main.c:210:6:SuccessSound	16	static
../Core/Src/main.c:236:6:configurePassword	16	static
../Core/Src/main.c:270:5:main	24	static
../Core/Src/main.c:392:6:SystemClock_Config	96	static
../Core/Src/main.c:453:13:MX_SPI1_Init	8	static
../Core/Src/main.c:493:13:MX_TIM1_Init	112	static
../Core/Src/main.c:572:13:MX_USART2_UART_Init	8	static
../Core/Src/main.c:607:13:MX_GPIO_Init	40	static
../Core/Src/main.c:640:6:Error_Handler	4	static,ignoring_inline_asm
