../Core/Src/main.c:85:6:isPasswordMatched	24	static
../Core/Src/main.c:103:13:changeSpeakerFrequency	120	static
../Core/Src/main.c:186:6:ErrorSound	16	static
../Core/Src/main.c:211:6:SuccessSound	16	static
../Core/Src/main.c:237:6:configurePassword	24	static
../Core/Src/main.c:284:5:main	24	static
../Core/Src/main.c:413:6:SystemClock_Config	96	static
../Core/Src/main.c:474:13:MX_SPI1_Init	8	static
../Core/Src/main.c:514:13:MX_TIM1_Init	112	static
../Core/Src/main.c:594:13:MX_USART2_UART_Init	8	static
../Core/Src/main.c:629:13:MX_GPIO_Init	40	static
../Core/Src/main.c:672:6:Error_Handler	4	static,ignoring_inline_asm
